
[TestGraphToYAML - 1]
id: "16_1"
vertices:
- id: "16_2"
- id: "16_3"
- id: "16_4"
edges:
- id: "16_5"
- id: "16_6"
- id: "16_7"

---

[TestGraphSaveYAML - 1]
id: 16_b
vertices:
- id: 16_c
- id: 16_d
- id: 16_e
edges:
- id: 16_f
- id: 16_g
- id: 16_h

---
